
 /----------------------------------------------------------------------------\
 |  yosys -- Yosys Open SYnthesis Suite -- YosysHQ Edition [202511111210]     |
 |  Copyright (C) 2012 - 2025 YosysHQ GmbH                                    |
 |  For support, please contact support@yosyshq.com                           |
 \----------------------------------------------------------------------------/
 Yosys 0.59 (git sha1 5df4c20be, aarch64-apple-darwin23.5-clang++ 18.1.8 -fPIC -O3)

-- Executing script file `../model/design.ys' --

1. Executing VERIFIC (loading SystemVerilog and VHDL designs using Verific).
Built with Verific Oct25_SW_Release, released at Thu Oct 30 14:46:46 2025.
VERIFIC-COMMENT [VERI-1482] Analyzing Verilog file 'divider.sv'

2. Executing PREP pass.

2.1. Executing HIERARCHY pass (managing design hierarchy).
Statically elaborating the Verific parse tree.
Elaborating all modules in library 'work'
VERIFIC-INFO [VERI-1018] divider.sv:1: compiling module 'divider'
Running rewriter 'initial-assertions'.
Clearing rewriter list.
VERIFIC-INFO [VERI-1018] divider.sv:1: compiling module 'divider'
VERIFIC-INFO [VERI-1209] divider.sv:62: expression size 4 truncated to fit in target size 3
VERIFIC-INFO [VERI-1209] divider.sv:65: expression size 12 truncated to fit in target size 11
VERIFIC-INFO [VERI-1209] divider.sv:67: expression size 12 truncated to fit in target size 11
Importing module divider.

2.1.1. Analyzing design hierarchy..
Top module:  \divider

2.1.2. Analyzing design hierarchy..
Top module:  \divider
Removed 0 unused modules.
Module divider directly or indirectly contains formal properties -> setting "keep" attribute.

2.2. Executing PROC pass (convert processes to netlists).

2.2.1. Executing PROC_CLEAN pass (remove empty switches from decision trees).
Cleaned up 0 empty switches.

2.2.2. Executing PROC_RMDEAD pass (remove dead branches from decision trees).
Removed a total of 0 dead cases.

2.2.3. Executing PROC_PRUNE pass (remove redundant assignments in processes).
Removed 0 redundant assignments.
Promoted 0 assignments to connections.

2.2.4. Executing PROC_INIT pass (extract init attributes).

2.2.5. Executing PROC_ARST pass (detect async resets in processes).

2.2.6. Executing PROC_ROM pass (convert switches to ROMs).
Converted 0 switches.

2.2.7. Executing PROC_MUX pass (convert decision trees to multiplexers).

2.2.8. Executing PROC_DLATCH pass (convert process syncs to latches).

2.2.9. Executing PROC_DFF pass (convert process syncs to FFs).

2.2.10. Executing PROC_MEMWR pass (convert process memory writes to cells).

2.2.11. Executing PROC_CLEAN pass (remove empty switches from decision trees).
Cleaned up 0 empty switches.

2.2.12. Executing OPT_EXPR pass (perform const folding).
Optimizing module divider.
<suppressed ~308 debug messages>

2.3. Executing FUTURE pass.

2.4. Executing OPT_EXPR pass (perform const folding).
Optimizing module divider.

2.5. Executing OPT_CLEAN pass (remove unused cells and wires).
Finding unused cells or wires in module \divider..
Removed 0 unused cells and 663 unused wires.
<suppressed ~10 debug messages>

2.6. Executing CHECK pass (checking for obvious problems).
Checking module divider...
Found and reported 0 problems.

2.7. Executing OPT pass (performing simple optimizations).

2.7.1. Executing OPT_EXPR pass (perform const folding).
Optimizing module divider.
<suppressed ~6 debug messages>

2.7.2. Executing OPT_MERGE pass (detect identical cells).
Finding identical cells in module `\divider'.
<suppressed ~357 debug messages>
Removed a total of 119 cells.

2.7.3. Executing OPT_MUXTREE pass (detect dead branches in mux trees).
Running muxtree optimizer on module \divider..
  Creating internal representation of mux trees.
  Evaluating internal representation of mux trees.
  Analyzing evaluation results.
Removed 0 multiplexer ports.
<suppressed ~38 debug messages>

2.7.4. Executing OPT_REDUCE pass (consolidate $*mux and $reduce_* inputs).
  Optimizing cells in module \divider.
Performed a total of 0 changes.

2.7.5. Executing OPT_MERGE pass (detect identical cells).
Finding identical cells in module `\divider'.
Removed a total of 0 cells.

2.7.6. Executing OPT_CLEAN pass (remove unused cells and wires).
Finding unused cells or wires in module \divider..
Removed 0 unused cells and 125 unused wires.
<suppressed ~1 debug messages>

2.7.7. Executing OPT_EXPR pass (perform const folding).
Optimizing module divider.

2.7.8. Rerunning OPT passes. (Maybe there is more to do..)

2.7.9. Executing OPT_MUXTREE pass (detect dead branches in mux trees).
Running muxtree optimizer on module \divider..
  Creating internal representation of mux trees.
  Evaluating internal representation of mux trees.
  Analyzing evaluation results.
Removed 0 multiplexer ports.
<suppressed ~38 debug messages>

2.7.10. Executing OPT_REDUCE pass (consolidate $*mux and $reduce_* inputs).
  Optimizing cells in module \divider.
Performed a total of 0 changes.

2.7.11. Executing OPT_MERGE pass (detect identical cells).
Finding identical cells in module `\divider'.
Removed a total of 0 cells.

2.7.12. Executing OPT_CLEAN pass (remove unused cells and wires).
Finding unused cells or wires in module \divider..

2.7.13. Executing OPT_EXPR pass (perform const folding).
Optimizing module divider.

2.7.14. Finished fast OPT passes. (There is nothing left to do.)

2.8. Executing WREDUCE pass (reducing word size of cells).
Removed top 2 bits (of 3) from port B of cell divider.$verific$add_35$divider.sv:62$592 ($add).
Removed top 1 bits (of 6) from port A of cell divider.$verific$LessThan_41$divider.sv:64$597 ($le).
Removed top 1 bits (of 6) from port B of cell divider.$verific$sub_42$divider.sv:65$598 ($sub).
Removed top 1 bits (of 6) from port Y of cell divider.$verific$sub_42$divider.sv:65$598 ($sub).
Removed top 1 bits (of 6) from port A of cell divider.$verific$sub_42$divider.sv:65$598 ($sub).
Removed top 4 bits (of 5) from mux cell divider.$verific$mux_45$divider.sv:67$601 ($mux).
Removed top 5 bits (of 10) from port Y of cell divider.$verific$mult_142$divider.sv:108$715 ($mul).
Removed top 1 bits (of 2) from port B of cell divider.$verific$i152$divider.sv:117$729 ($eq).
Removed top 4 bits (of 5) from port B of cell divider.$verific$equal_203$divider.sv:176$759 ($eq).
Removed top 3 bits (of 5) from port B of cell divider.$verific$equal_213$divider.sv:176$764 ($eq).
Removed top 3 bits (of 5) from port B of cell divider.$verific$equal_223$divider.sv:176$769 ($eq).
Removed top 2 bits (of 5) from port B of cell divider.$verific$equal_233$divider.sv:176$774 ($eq).
Removed top 2 bits (of 5) from port B of cell divider.$verific$equal_243$divider.sv:176$779 ($eq).
Removed top 2 bits (of 5) from port B of cell divider.$verific$equal_253$divider.sv:176$784 ($eq).
Removed top 2 bits (of 5) from port B of cell divider.$verific$equal_263$divider.sv:176$789 ($eq).
Removed top 1 bits (of 5) from port B of cell divider.$verific$equal_273$divider.sv:176$794 ($eq).
Removed top 1 bits (of 5) from port B of cell divider.$verific$equal_283$divider.sv:176$799 ($eq).
Removed top 1 bits (of 5) from port B of cell divider.$verific$equal_293$divider.sv:176$804 ($eq).
Removed top 1 bits (of 5) from port B of cell divider.$verific$equal_303$divider.sv:176$809 ($eq).
Removed top 1 bits (of 5) from port B of cell divider.$verific$equal_313$divider.sv:176$814 ($eq).
Removed top 1 bits (of 5) from port B of cell divider.$verific$equal_323$divider.sv:176$819 ($eq).
Removed top 1 bits (of 5) from port B of cell divider.$verific$equal_333$divider.sv:176$824 ($eq).
Removed top 1 bits (of 5) from port B of cell divider.$verific$equal_343$divider.sv:176$829 ($eq).
Removed top 4 bits (of 5) from port B of cell divider.$verific$equal_501$divider.sv:175$909 ($eq).
Removed top 3 bits (of 5) from port B of cell divider.$verific$equal_661$divider.sv:175$975 ($eq).
Removed top 3 bits (of 5) from port B of cell divider.$verific$equal_761$divider.sv:175$1017 ($eq).
Removed top 2 bits (of 5) from port B of cell divider.$verific$equal_841$divider.sv:175$1051 ($eq).
Removed top 2 bits (of 5) from port B of cell divider.$verific$equal_901$divider.sv:175$1077 ($eq).
Removed top 2 bits (of 5) from port B of cell divider.$verific$equal_951$divider.sv:175$1099 ($eq).
Removed top 2 bits (of 5) from port B of cell divider.$verific$equal_991$divider.sv:175$1117 ($eq).
Removed top 1 bits (of 5) from port B of cell divider.$verific$equal_1031$divider.sv:175$1135 ($eq).
Removed top 1 bits (of 5) from port B of cell divider.$verific$equal_1061$divider.sv:175$1149 ($eq).
Removed top 1 bits (of 5) from port B of cell divider.$verific$equal_1091$divider.sv:175$1163 ($eq).
Removed top 1 bits (of 5) from port B of cell divider.$verific$equal_1111$divider.sv:175$1173 ($eq).
Removed top 1 bits (of 5) from port B of cell divider.$verific$equal_1131$divider.sv:175$1183 ($eq).
Removed top 1 bits (of 5) from port B of cell divider.$verific$equal_1151$divider.sv:175$1193 ($eq).
Removed top 1 bits (of 5) from port B of cell divider.$verific$equal_1171$divider.sv:175$1203 ($eq).
Removed top 1 bits (of 5) from port B of cell divider.$verific$equal_1191$divider.sv:175$1213 ($eq).
Removed top 1 bits (of 6) from wire divider.$verific$n109$560.
Removed top 5 bits (of 10) from wire divider.$verific$n301$573.

2.9. Executing OPT_CLEAN pass (remove unused cells and wires).
Finding unused cells or wires in module \divider..
Removed 0 unused cells and 4 unused wires.
<suppressed ~1 debug messages>

2.10. Executing MEMORY_COLLECT pass (generating $mem cells).

2.11. Executing OPT pass (performing simple optimizations).

2.11.1. Executing OPT_EXPR pass (perform const folding).
Optimizing module divider.

2.11.2. Executing OPT_MERGE pass (detect identical cells).
Finding identical cells in module `\divider'.
Removed a total of 0 cells.

2.11.3. Executing OPT_CLEAN pass (remove unused cells and wires).
Finding unused cells or wires in module \divider..

2.11.4. Finished fast OPT passes.

2.12. Printing statistics.

=== divider ===

        +----------Local Count, excluding submodules.
        | 
      469 wires
      594 wire bits
       14 public wires
       41 public wire bits
       11 ports
       27 port bits
      589 cells
        2   $add
      152   $adff
      157   $and
        8   $assert
        1   $assume
      117   $cover
       17   $dff
       80   $eq
        1   $eqx
        2   $le
        3   $logic_not
        1   $lt
        1   $mul
       27   $mux
       13   $not
        3   $or
        2   $reduce_bool
        1   $reduce_or
        1   $sub

2.13. Executing CHECK pass (checking for obvious problems).
Checking module divider...
Found and reported 0 problems.

3. Executing HIERARCHY pass (managing design hierarchy).
Attribute `top' found on module `divider'. Setting top module to divider.

3.1. Analyzing design hierarchy..
Top module:  \divider

3.2. Analyzing design hierarchy..
Top module:  \divider
Removed 0 unused modules.
Module divider directly or indirectly contains formal properties -> setting "keep" attribute.

4. Executing jny backend.

5. Executing RTLIL backend.
Output filename: ../model/design.il

End of script. Logfile hash: 91dcb08f91, CPU: user 0.07s system 0.02s, MEM: 28.70 MB peak
Yosys 0.59 (git sha1 5df4c20be, aarch64-apple-darwin23.5-clang++ 18.1.8 -fPIC -O3)
Time spent: 52% 2x hierarchy (0 sec), 13% 5x opt_clean (0 sec), ...
