
 /----------------------------------------------------------------------------\
 |  yosys -- Yosys Open SYnthesis Suite -- YosysHQ Edition [202511111210]     |
 |  Copyright (C) 2012 - 2025 YosysHQ GmbH                                    |
 |  For support, please contact support@yosyshq.com                           |
 \----------------------------------------------------------------------------/
 Yosys 0.59 (git sha1 5df4c20be, aarch64-apple-darwin23.5-clang++ 18.1.8 -fPIC -O3)

-- Executing script file `design_smt2.ys' --

1. Executing RTLIL frontend.
Input filename: design_prep.il

2. Executing HIERARCHY pass (managing design hierarchy).
Attribute `top' found on module `divider'. Setting top module to divider.

2.1. Analyzing design hierarchy..
Top module:  \divider

2.2. Analyzing design hierarchy..
Top module:  \divider
Removed 0 unused modules.
Module divider directly or indirectly contains formal properties -> setting "keep" attribute.

3. Executing FORMALFF pass.

4. Executing DFFUNMAP pass (unmap clock enable and synchronous reset from FFs).

5. Printing statistics.

=== divider ===

        +----------Local Count, excluding submodules.
        | 
      184 wires
      309 wire bits
       20 public wires
       71 public wire bits
       11 ports
       27 port bits
      186 cells
        2   $add
        6   $and
        7   $anyinit
        6   $assert
        2   $assume
       18   $eq
        1   $eqx
       38   $ff
        1   $le
        1   $logic_not
        1   $mul
       87   $mux
       11   $not
        2   $or
        1   $reduce_bool
        1   $reduce_or
        1   $sub

6. Executing SMT2 backend.

6.1. Executing BMUXMAP pass.

6.2. Executing DEMUXMAP pass.
Creating SMT-LIBv2 representation of module divider.

End of script. Logfile hash: b32efc2104, CPU: user 0.01s system 0.01s, MEM: 16.77 MB peak
Yosys 0.59 (git sha1 5df4c20be, aarch64-apple-darwin23.5-clang++ 18.1.8 -fPIC -O3)
Time spent: 60% 2x write_smt2 (0 sec), 31% 2x read_rtlil (0 sec), ...
