
 /----------------------------------------------------------------------------\
 |  yosys -- Yosys Open SYnthesis Suite -- YosysHQ Edition [202511111210]     |
 |  Copyright (C) 2012 - 2025 YosysHQ GmbH                                    |
 |  For support, please contact support@yosyshq.com                           |
 \----------------------------------------------------------------------------/
 Yosys 0.59 (git sha1 5df4c20be, aarch64-apple-darwin23.5-clang++ 18.1.8 -fPIC -O3)

-- Executing script file `design_prep.ys' --

1. Executing RTLIL frontend.
Input filename: design.il

2. Executing SCC pass (detecting logic loops).
Found 0 SCCs in module divider.
Found 0 SCCs.

3. Executing SIMPLEMAP pass (map simple cells to gate primitives).

4. Executing MEMORY_NORDFF pass (extracting $dff cells from memories).

5. Executing ASYNC2SYNC pass.
Replacing divider.$auto$verificsva.cc:1837:import$302 ($adff): ARST=$verific$n268$44, D=$auto$rtlil.cc:3140:Not$297, Q=$auto$verificsva.cc:1835:import$300
Replacing divider.$auto$verificsva.cc:1837:import$349 ($adff): ARST=\rst, D=$auto$rtlil.cc:3140:Not$344, Q=$auto$verificsva.cc:1835:import$347
Replacing divider.$auto$verificsva.cc:1837:import$408 ($adff): ARST=\rst, D=$auto$rtlil.cc:3140:Not$403, Q=$auto$verificsva.cc:1835:import$406
Replacing divider.$auto$verificsva.cc:1837:import$441 ($adff): ARST=\rst, D=$auto$rtlil.cc:3140:Not$436, Q=$auto$verificsva.cc:1835:import$439
Replacing divider.$auto$verificsva.cc:1838:import$303 ($adff): ARST=$verific$n268$44, D=$auto$rtlil.cc:3144:ReduceOr$295, Q=$auto$verificsva.cc:1836:import$301
Replacing divider.$auto$verificsva.cc:1838:import$350 ($adff): ARST=\rst, D=$auto$rtlil.cc:3144:ReduceOr$342, Q=$auto$verificsva.cc:1836:import$348
Replacing divider.$auto$verificsva.cc:1838:import$409 ($adff): ARST=\rst, D=$auto$rtlil.cc:3144:ReduceOr$401, Q=$auto$verificsva.cc:1836:import$407
Replacing divider.$auto$verificsva.cc:1838:import$442 ($adff): ARST=\rst, D=$auto$rtlil.cc:3188:Or$438, Q=$auto$verificsva.cc:1836:import$440
Replacing divider.$auto$verificsva.cc:365:getAccept$370 ($adff): ARST=\rst, D=$auto$rtlil.cc:3187:And$268, Q=$auto$verificsva.cc:296:getAccept$359
Replacing divider.$auto$verificsva.cc:713:getFirstAcceptReject$288 ($adff): ARST=$verific$n268$44, D=$auto$rtlil.cc:3187:And$268, Q=$auto$verificsva.cc:670:getFirstAcceptReject$276
Replacing divider.$auto$verificsva.cc:713:getFirstAcceptReject$289 ($adff): ARST=$verific$n268$44, D=$auto$verificsva.cc:670:getFirstAcceptReject$276, Q=$auto$verificsva.cc:670:getFirstAcceptReject$277
Replacing divider.$auto$verificsva.cc:713:getFirstAcceptReject$290 ($adff): ARST=$verific$n268$44, D=$auto$verificsva.cc:670:getFirstAcceptReject$277, Q=$auto$verificsva.cc:670:getFirstAcceptReject$278
Replacing divider.$auto$verificsva.cc:713:getFirstAcceptReject$291 ($adff): ARST=$verific$n268$44, D=$auto$verificsva.cc:670:getFirstAcceptReject$278, Q=$auto$verificsva.cc:670:getFirstAcceptReject$279
Replacing divider.$auto$verificsva.cc:713:getFirstAcceptReject$292 ($adff): ARST=$verific$n268$44, D=$auto$verificsva.cc:670:getFirstAcceptReject$279, Q=$auto$verificsva.cc:670:getFirstAcceptReject$280
Replacing divider.$auto$verificsva.cc:713:getFirstAcceptReject$293 ($adff): ARST=$verific$n268$44, D=$auto$verificsva.cc:670:getFirstAcceptReject$280, Q=$auto$verificsva.cc:670:getFirstAcceptReject$281
Replacing divider.$auto$verificsva.cc:713:getFirstAcceptReject$336 ($adff): ARST=\rst, D=$auto$verificsva.cc:296:getAccept$359, Q=$auto$verificsva.cc:670:getFirstAcceptReject$324
Replacing divider.$auto$verificsva.cc:713:getFirstAcceptReject$337 ($adff): ARST=\rst, D=$auto$verificsva.cc:670:getFirstAcceptReject$324, Q=$auto$verificsva.cc:670:getFirstAcceptReject$325
Replacing divider.$auto$verificsva.cc:713:getFirstAcceptReject$338 ($adff): ARST=\rst, D=$auto$verificsva.cc:670:getFirstAcceptReject$325, Q=$auto$verificsva.cc:670:getFirstAcceptReject$326
Replacing divider.$auto$verificsva.cc:713:getFirstAcceptReject$339 ($adff): ARST=\rst, D=$auto$verificsva.cc:670:getFirstAcceptReject$326, Q=$auto$verificsva.cc:670:getFirstAcceptReject$327
Replacing divider.$auto$verificsva.cc:713:getFirstAcceptReject$340 ($adff): ARST=\rst, D=$auto$verificsva.cc:670:getFirstAcceptReject$327, Q=$auto$verificsva.cc:670:getFirstAcceptReject$328
Replacing divider.$auto$verificsva.cc:713:getFirstAcceptReject$396 ($adff): ARST=\rst, D=$auto$rtlil.cc:3194:Eq$379, Q=$auto$verificsva.cc:670:getFirstAcceptReject$374
Replacing divider.$auto$verificsva.cc:713:getFirstAcceptReject$397 ($adff): ARST=\rst, D=$auto$rtlil.cc:3194:Eq$383, Q=$auto$verificsva.cc:670:getFirstAcceptReject$375
Replacing divider.$auto$verificsva.cc:713:getFirstAcceptReject$398 ($adff): ARST=\rst, D=$auto$rtlil.cc:3194:Eq$387, Q=$auto$verificsva.cc:670:getFirstAcceptReject$376
Replacing divider.$auto$verificsva.cc:713:getFirstAcceptReject$399 ($adff): ARST=\rst, D=$auto$rtlil.cc:3194:Eq$391, Q=$auto$verificsva.cc:670:getFirstAcceptReject$377

6. Executing OPT_CLEAN pass (remove unused cells and wires).
Finding unused cells or wires in module \divider..
Removed 2 unused cells and 2 unused wires.
<suppressed ~3 debug messages>

7. Executing FORMALFF pass.

8. Executing OPT_CLEAN pass (remove unused cells and wires).
Finding unused cells or wires in module \divider..
Removed 1 unused cells and 1 unused wires.
<suppressed ~2 debug messages>

9. Executing CHECK pass (checking for obvious problems).
Checking module divider...
Found and reported 0 problems.

10. Executing SETUNDEF pass (replace undef values with defined constants).

11. Executing OPT pass (performing simple optimizations).

11.1. Executing OPT_EXPR pass (perform const folding).
Optimizing module divider.

11.2. Executing OPT_MERGE pass (detect identical cells).
Finding identical cells in module `\divider'.
Removed a total of 0 cells.

11.3. Executing OPT_DFF pass (perform DFF optimizations).

11.4. Executing OPT_CLEAN pass (remove unused cells and wires).
Finding unused cells or wires in module \divider..
Removed 5 unused cells and 5 unused wires.
<suppressed ~6 debug messages>

11.5. Finished fast OPT passes.

12. Executing OPT_CLEAN pass (remove unused cells and wires).
Finding unused cells or wires in module \divider..
Removed 0 unused cells and 6 unused wires.
<suppressed ~1 debug messages>

13. Executing RTLIL backend.
Output filename: ../model/design_prep.il

End of script. Logfile hash: f84a0fd40b, CPU: user 0.02s system 0.01s, MEM: 17.55 MB peak
Yosys 0.59 (git sha1 5df4c20be, aarch64-apple-darwin23.5-clang++ 18.1.8 -fPIC -O3)
Time spent: 42% 4x opt_clean (0 sec), 10% 1x opt_expr (0 sec), ...
